[2026-07-14T05:46:57.842Z] server up after 1 tries (status 200)
[2026-07-14T05:46:57.843Z] launching headed Chromium...
[2026-07-14T05:46:58.270Z] goto http://localhost:3100/
[2026-07-14T05:46:58.587Z]   console.info: %cDownload the React DevTools for a better development experience: https://react.dev/link/react-devtools font-weight:bold
[2026-07-14T05:46:58.668Z]   console.log: [HMR] connected
[2026-07-14T05:46:58.705Z]   console.error: Failed to load resource: the server responded with a status of 404 (Not Found)
[2026-07-14T05:46:59.658Z]   loaded. title="Baruma — Bikin konsep rumah terukur dari ide sederhana" dom-nodes=670
[2026-07-14T05:46:59.677Z]   first link -> /
[2026-07-14T05:47:00.533Z] goto http://localhost:3100/login
[2026-07-14T05:47:00.819Z]   console.log: [Fast Refresh] rebuilding
[2026-07-14T05:47:01.031Z]   console.log: [Fast Refresh] done in 314ms
[2026-07-14T05:47:01.089Z]   console.verbose: [DOM] Input elements should have autocomplete attributes (suggested: "current-password"): (More info: https://goo.gl/9p2vKq) %o
[2026-07-14T05:47:01.104Z]   console.info: %cDownload the React DevTools for a better development experience: https://react.dev/link/react-devtools font-weight:bold
[2026-07-14T05:47:01.126Z]   console.log: [HMR] connected
[2026-07-14T05:47:01.252Z]   console.log: [Fast Refresh] rebuilding
[2026-07-14T05:47:01.424Z]   console.log: [Fast Refresh] done in 276ms
[2026-07-14T05:47:02.300Z]   loaded. title="Baruma — Bikin konsep rumah terukur dari ide sederhana" dom-nodes=130
[2026-07-14T05:47:02.312Z]   first link -> /
[2026-07-14T05:47:02.485Z]   console.warning: Detected `scroll-behavior: smooth` on the `<html>` element. To disable smooth scrolling during route transitions, add `data-scroll-behavior="smooth"` to your <html> element. Learn more: https://nextjs.org/docs/messages/missing-data-scroll-behavior
[2026-07-14T05:47:02.616Z]   console.log: [Fast Refresh] rebuilding
[2026-07-14T05:47:02.634Z]   console.log: [Fast Refresh] done in 124ms
[2026-07-14T05:47:03.148Z] goto http://localhost:3100/app
[2026-07-14T05:47:03.258Z]   console.verbose: [DOM] Input elements should have autocomplete attributes (suggested: "current-password"): (More info: https://goo.gl/9p2vKq) %o
[2026-07-14T05:47:03.281Z]   console.info: %cDownload the React DevTools for a better development experience: https://react.dev/link/react-devtools font-weight:bold
[2026-07-14T05:47:03.317Z]   console.log: [HMR] connected
[2026-07-14T05:47:04.470Z]   loaded. title="Baruma — Bikin konsep rumah terukur dari ide sederhana" dom-nodes=130
[2026-07-14T05:47:04.480Z]   first link -> /
[2026-07-14T05:47:04.614Z]   console.warning: Detected `scroll-behavior: smooth` on the `<html>` element. To disable smooth scrolling during route transitions, add `data-scroll-behavior="smooth"` to your <html> element. Learn more: https://nextjs.org/docs/messages/missing-data-scroll-behavior
[2026-07-14T05:47:05.317Z] DONE driving routes. Browser will stay open until you close the window.
[2026-07-14T05:47:05.317Z] watching... close the Chromium window to end the session.
[2026-07-14T05:47:29.349Z]   console.log: [Fast Refresh] rebuilding
[2026-07-14T05:47:29.435Z]   console.log: [Fast Refresh] done in 188ms
[2026-07-14T07:43:38.733Z]   console.log: [Fast Refresh] rebuilding
[2026-07-14T07:43:38.850Z]   console.log: [Fast Refresh] done in 232ms
