// Vitest Snapshot v1, https://vitest.dev/guide/snapshot.html

exports[`compilePrompt — determinism > produces a snapshot-stable prompt for preset malam 1`] = `"photorealistic architectural photography of a residential house, professional real-estate exterior photography, sharp focus, high dynamic range. facade materials: plester putih, kayu jati; roof type: pelana; 2 floors; landscape: taman tropis kecil. blue hour night photography, deep blue-violet twilight sky, warm glowing interior lights visible through windows, exterior accent lighting, shot on a 24mm architectural lens with a tripod, long exposure night look. preserve the exact geometry, camera angle and building proportions from the reference image; do not add, remove, or resize any structural elements."`;

exports[`compilePrompt — determinism > produces a snapshot-stable prompt for preset skandinavia-siang 1`] = `"photorealistic architectural photography of a residential house, professional real-estate exterior photography, sharp focus, high dynamic range. facade materials: plester putih, kayu jati; roof type: pelana; 2 floors; landscape: taman tropis kecil. soft overcast Scandinavian daylight, diffused even lighting with minimal shadows, muted cool grey-blue sky, crisp clean air, understated natural color palette, shot on a 24mm architectural lens, neutral realistic color grading. preserve the exact geometry, camera angle and building proportions from the reference image; do not add, remove, or resize any structural elements."`;

exports[`compilePrompt — determinism > produces a snapshot-stable prompt for preset tropis-senja 1`] = `"photorealistic architectural photography of a residential house, professional real-estate exterior photography, sharp focus, high dynamic range. facade materials: plester putih, kayu jati; roof type: pelana; 2 floors; landscape: taman tropis kecil. warm golden hour tropical dusk, low sun casting long soft shadows, orange and amber sky gradient near the horizon, warm ambient light on facade, shot on a 35mm architectural lens, cinematic warm color grading. preserve the exact geometry, camera angle and building proportions from the reference image; do not add, remove, or resize any structural elements."`;

exports[`compilePrompt — determinism > produces a snapshot-stable prompt for preset tropis-siang 1`] = `"photorealistic architectural photography of a residential house, professional real-estate exterior photography, sharp focus, high dynamic range. facade materials: plester putih, kayu jati; roof type: pelana; 2 floors; landscape: taman tropis kecil. bright tropical midday sunlight, clear blue sky with soft white clouds, strong natural daylight with crisp shadows, lush green tropical vegetation, shot on a 24mm architectural lens, natural saturated colors. preserve the exact geometry, camera angle and building proportions from the reference image; do not add, remove, or resize any structural elements."`;
